// Jest Snapshot v1, https://goo.gl/fbAQLP

exports[`renders 1`] = `
<span>
  Loading...
</span>
`;
